// Jest Snapshot v1, https://goo.gl/fbAQLP

exports[`Comment component tests Should render a correct Comment snapshot 1`] = `
<div
  className="comment"
>
  <div
    className="d-flex justify-content-between align-items-center"
  >
    <div>
      <img
        alt="Simon_profil"
        src="http://localhosthttps://images.pexels.com/photos/207962"
      />
      <span
        className="font-weight-bold"
      >
        Simon Toulouze
      </span>
    </div>
    <span
      className="float-right"
    >
      Le 21 April 2020 Ã  00:00
    </span>
  </div>
  <div
    className="comment-content"
  >
    Test commentaire
  </div>
</div>
`;
